// Jest Snapshot v1, https://goo.gl/fbAQLP

exports[`matches snapshots 1`] = `
<div
  className="display"
/>
`;
